--------------------------------------------------------------------------------------
Timing Analyzer Summary
--------------------------------------------------------------------------------------

Type           : Worst-case tco
Slack          : N/A
Required Time  : None
Actual Time    : 30.168 ns
From           : UnidadeControle:UC|state.DECODE
To             : Alu[30]
From Clock     : clock
To Clock       : --
Failed Paths   : 0

Type           : Clock Setup: 'clock'
Slack          : N/A
Required Time  : None
Actual Time    : 22.48 MHz ( period = 44.482 ns )
From           : UnidadeControle:UC|state.DECODE
To             : Banco_reg:BancoRegs|Reg29[30]
From Clock     : clock
To Clock       : clock
Failed Paths   : 0

Type           : Clock Hold: 'clock'
Slack          : Not operational: Clock Skew > Data Delay
Required Time  : None
Actual Time    : N/A
From           : Instr_Reg:RegInstrucao|Instr15_0[10]
To             : MuxShiftAmount:MuxShamt|Selector0~1
From Clock     : clock
To Clock       : clock
Failed Paths   : 194

Type           : Total number of failed paths
Slack          : 
Required Time  : 
Actual Time    : 
From           : 
To             : 
From Clock     : 
To Clock       : 
Failed Paths   : 194

--------------------------------------------------------------------------------------

