Flow report for UP
Fri May 04 02:03:21 2018
Quartus II Version 9.1 Build 350 03/24/2010 Service Pack 2 SJ Web Edition


---------------------
; Table of Contents ;
---------------------
  1. Legal Notice
  2. Flow Summary
  3. Flow Settings
  4. Flow Non-Default Global Settings
  5. Flow Elapsed Time
  6. Flow OS Summary
  7. Flow Log



----------------
; Legal Notice ;
----------------
Copyright (C) 1991-2010 Altera Corporation
Your use of Altera Corporation's design tools, logic functions 
and other software and tools, and its AMPP partner logic 
functions, and any output files from any of the foregoing 
(including device programming or simulation files), and any 
associated documentation or information are expressly subject 
to the terms and conditions of the Altera Program License 
Subscription Agreement, Altera MegaCore Function License 
Agreement, or other applicable license agreement, including, 
without limitation, that your use is for the sole purpose of 
programming logic devices manufactured by Altera and sold by 
Altera or its authorized distributors.  Please refer to the 
applicable agreement for further details.



+-----------------------------------------------------------------------------------+
; Flow Summary                                                                      ;
+------------------------------------+----------------------------------------------+
; Flow Status                        ; Successful - Fri May 04 02:03:21 2018        ;
; Quartus II Version                 ; 9.1 Build 350 03/24/2010 SP 2 SJ Web Edition ;
; Revision Name                      ; UP                                           ;
; Top-level Entity Name              ; Up                                           ;
; Family                             ; Cyclone II                                   ;
; Device                             ; EP2C70F672C6                                 ;
; Timing Models                      ; Final                                        ;
; Met timing requirements            ; Yes                                          ;
; Total logic elements               ; 1,949 / 68,416 ( 3 % )                       ;
;     Total combinational functions  ; 1,929 / 68,416 ( 3 % )                       ;
;     Dedicated logic registers      ; 1,251 / 68,416 ( 2 % )                       ;
; Total registers                    ; 1251                                         ;
; Total pins                         ; 399 / 422 ( 95 % )                           ;
; Total virtual pins                 ; 0                                            ;
; Total memory bits                  ; 8,192 / 1,152,000 ( < 1 % )                  ;
; Embedded Multiplier 9-bit elements ; 0 / 300 ( 0 % )                              ;
; Total PLLs                         ; 0 / 4 ( 0 % )                                ;
+------------------------------------+----------------------------------------------+


+-----------------------------------------+
; Flow Settings                           ;
+-------------------+---------------------+
; Option            ; Setting             ;
+-------------------+---------------------+
; Start date & time ; 05/04/2018 02:01:52 ;
; Main task         ; Compilation         ;
; Revision Name     ; UP                  ;
+-------------------+---------------------+


+---------------------------------------------------------------------------------------------------------------------+
; Flow Non-Default Global Settings                                                                                    ;
+------------------------------------+---------------------------------+---------------+-------------+----------------+
; Assignment Name                    ; Value                           ; Default Value ; Entity Name ; Section Id     ;
+------------------------------------+---------------------------------+---------------+-------------+----------------+
; COMPILER_SIGNATURE_ID              ; 202323111638098.152541011105156 ; --            ; --          ; --             ;
; MAX_CORE_JUNCTION_TEMP             ; 85                              ; --            ; --          ; --             ;
; MIN_CORE_JUNCTION_TEMP             ; 0                               ; --            ; --          ; --             ;
; PARTITION_COLOR                    ; 16764057                        ; --            ; Up          ; Top            ;
; PARTITION_NETLIST_TYPE             ; SOURCE                          ; --            ; Up          ; Top            ;
; USE_GENERATED_PHYSICAL_CONSTRAINTS ; Off                             ; --            ; --          ; eda_blast_fpga ;
+------------------------------------+---------------------------------+---------------+-------------+----------------+


+-----------------------------------------------------------------------------------------------------------------------------+
; Flow Elapsed Time                                                                                                           ;
+-------------------------+--------------+-------------------------+---------------------+------------------------------------+
; Module Name             ; Elapsed Time ; Average Processors Used ; Peak Virtual Memory ; Total CPU Time (on all processors) ;
+-------------------------+--------------+-------------------------+---------------------+------------------------------------+
; Analysis & Synthesis    ; 00:00:22     ; 1.0                     ; 250 MB              ; 00:00:21                           ;
; Fitter                  ; 00:00:45     ; 1.0                     ; 337 MB              ; 00:00:46                           ;
; Assembler               ; 00:00:12     ; 1.0                     ; 317 MB              ; 00:00:11                           ;
; Classic Timing Analyzer ; 00:00:01     ; 1.0                     ; 163 MB              ; 00:00:02                           ;
; Total                   ; 00:01:20     ; --                      ; --                  ; 00:01:20                           ;
+-------------------------+--------------+-------------------------+---------------------+------------------------------------+


+------------------------------------------------------------------------------------------+
; Flow OS Summary                                                                          ;
+-------------------------+------------------+---------------+------------+----------------+
; Module Name             ; Machine Hostname ; OS Name       ; OS Version ; Processor type ;
+-------------------------+------------------+---------------+------------+----------------+
; Analysis & Synthesis    ; PJC-PC           ; Windows Vista ; 6.1        ; i686           ;
; Fitter                  ; PJC-PC           ; Windows Vista ; 6.1        ; i686           ;
; Assembler               ; PJC-PC           ; Windows Vista ; 6.1        ; i686           ;
; Classic Timing Analyzer ; PJC-PC           ; Windows Vista ; 6.1        ; i686           ;
+-------------------------+------------------+---------------+------------+----------------+


------------
; Flow Log ;
------------
quartus_map --read_settings_files=on --write_settings_files=off ProjetoHardware -c UP
quartus_fit --read_settings_files=off --write_settings_files=off ProjetoHardware -c UP
quartus_asm --read_settings_files=off --write_settings_files=off ProjetoHardware -c UP
quartus_tan --read_settings_files=off --write_settings_files=off ProjetoHardware -c UP --timing_analysis_only



